{"type":"server-started","port":61325,"host":"127.0.0.1","url_host":"localhost","url":"http://localhost:61325","screen_dir":"/Users/uomarafrodeen/Downloads/qunt-edge/.superpowers/brainstorm/3424-1779544616/content","state_dir":"/Users/uomarafrodeen/Downloads/qunt-edge/.superpowers/brainstorm/3424-1779544616/state"}
{"type":"screen-added","file":"/Users/uomarafrodeen/Downloads/qunt-edge/.superpowers/brainstorm/3424-1779544616/content/current-home-structure.html"}
{"type":"screen-added","file":"/Users/uomarafrodeen/Downloads/qunt-edge/.superpowers/brainstorm/3424-1779544616/content/design-directions.html"}
{"type":"screen-added","file":"/Users/uomarafrodeen/Downloads/qunt-edge/.superpowers/brainstorm/3424-1779544616/content/structure-a.html"}
{"type":"screen-added","file":"/Users/uomarafrodeen/Downloads/qunt-edge/.superpowers/brainstorm/3424-1779544616/content/hero-directions.html"}
{"type":"screen-added","file":"/Users/uomarafrodeen/Downloads/qunt-edge/.superpowers/brainstorm/3424-1779544616/content/hero-1-refined.html"}
{"type":"screen-added","file":"/Users/uomarafrodeen/Downloads/qunt-edge/.superpowers/brainstorm/3424-1779544616/content/trust-bar-options.html"}
{"type":"screen-added","file":"/Users/uomarafrodeen/Downloads/qunt-edge/.superpowers/brainstorm/3424-1779544616/content/problem-section.html"}
{"type":"screen-added","file":"/Users/uomarafrodeen/Downloads/qunt-edge/.superpowers/brainstorm/3424-1779544616/content/features-section.html"}
{"type":"screen-added","file":"/Users/uomarafrodeen/Downloads/qunt-edge/.superpowers/brainstorm/3424-1779544616/content/live-in-action-options.html"}
{"type":"screen-added","file":"/Users/uomarafrodeen/Downloads/qunt-edge/.superpowers/brainstorm/3424-1779544616/content/how-it-works-options.html"}
{"type":"screen-added","file":"/Users/uomarafrodeen/Downloads/qunt-edge/.superpowers/brainstorm/3424-1779544616/content/final-cta-options.html"}
{"type":"screen-added","file":"/Users/uomarafrodeen/Downloads/qunt-edge/.superpowers/brainstorm/3424-1779544616/content/next-phase-plan.html"}
{"type":"screen-added","file":"/Users/uomarafrodeen/Downloads/qunt-edge/.superpowers/brainstorm/3424-1779544616/content/parallel-work-start.html"}
{"type":"screen-added","file":"/Users/uomarafrodeen/Downloads/qunt-edge/.superpowers/brainstorm/3424-1779544616/content/parallel-progress.html"}
{"type":"screen-added","file":"/Users/uomarafrodeen/Downloads/qunt-edge/.superpowers/brainstorm/3424-1779544616/content/action-taken-both.html"}
{"type":"screen-added","file":"/Users/uomarafrodeen/Downloads/qunt-edge/.superpowers/brainstorm/3424-1779544616/content/work-progress.html"}
{"type":"screen-added","file":"/Users/uomarafrodeen/Downloads/qunt-edge/.superpowers/brainstorm/3424-1779544616/content/ongoing-progress.html"}
{"type":"screen-added","file":"/Users/uomarafrodeen/Downloads/qunt-edge/.superpowers/brainstorm/3424-1779544616/content/work-executed.html"}
{"type":"screen-added","file":"/Users/uomarafrodeen/Downloads/qunt-edge/.superpowers/brainstorm/3424-1779544616/content/status-ok.html"}
{"type":"screen-added","file":"/Users/uomarafrodeen/Downloads/qunt-edge/.superpowers/brainstorm/3424-1779544616/content/continuing-execution.html"}
{"type":"screen-added","file":"/Users/uomarafrodeen/Downloads/qunt-edge/.superpowers/brainstorm/3424-1779544616/content/execution-update.html"}
{"type":"screen-added","file":"/Users/uomarafrodeen/Downloads/qunt-edge/.superpowers/brainstorm/3424-1779544616/content/continuing-execution-2.html"}
{"type":"screen-added","file":"/Users/uomarafrodeen/Downloads/qunt-edge/.superpowers/brainstorm/3424-1779544616/content/continuing-execution-3.html"}
{"type":"screen-added","file":"/Users/uomarafrodeen/Downloads/qunt-edge/.superpowers/brainstorm/3424-1779544616/content/continuing-execution-4.html"}
{"type":"screen-added","file":"/Users/uomarafrodeen/Downloads/qunt-edge/.superpowers/brainstorm/3424-1779544616/content/continuing-execution-5.html"}
{"type":"screen-added","file":"/Users/uomarafrodeen/Downloads/qunt-edge/.superpowers/brainstorm/3424-1779544616/content/continuing-execution-6.html"}
{"type":"screen-added","file":"/Users/uomarafrodeen/Downloads/qunt-edge/.superpowers/brainstorm/3424-1779544616/content/continuing-execution-7.html"}
{"type":"screen-added","file":"/Users/uomarafrodeen/Downloads/qunt-edge/.superpowers/brainstorm/3424-1779544616/content/continuing-execution-8.html"}
{"type":"screen-added","file":"/Users/uomarafrodeen/Downloads/qunt-edge/.superpowers/brainstorm/3424-1779544616/content/continuing-execution-9.html"}
{"type":"screen-added","file":"/Users/uomarafrodeen/Downloads/qunt-edge/.superpowers/brainstorm/3424-1779544616/content/continuing-execution-10.html"}
{"type":"screen-added","file":"/Users/uomarafrodeen/Downloads/qunt-edge/.superpowers/brainstorm/3424-1779544616/content/continuing-execution-11.html"}
{"type":"screen-added","file":"/Users/uomarafrodeen/Downloads/qunt-edge/.superpowers/brainstorm/3424-1779544616/content/continuing-execution-12.html"}
{"type":"screen-added","file":"/Users/uomarafrodeen/Downloads/qunt-edge/.superpowers/brainstorm/3424-1779544616/content/continuing-execution-13.html"}
{"type":"screen-added","file":"/Users/uomarafrodeen/Downloads/qunt-edge/.superpowers/brainstorm/3424-1779544616/content/continuing-execution-14.html"}
{"type":"screen-added","file":"/Users/uomarafrodeen/Downloads/qunt-edge/.superpowers/brainstorm/3424-1779544616/content/continuing-execution-15.html"}
{"type":"screen-added","file":"/Users/uomarafrodeen/Downloads/qunt-edge/.superpowers/brainstorm/3424-1779544616/content/continuing-execution-16.html"}
{"type":"screen-added","file":"/Users/uomarafrodeen/Downloads/qunt-edge/.superpowers/brainstorm/3424-1779544616/content/continuing-execution-17.html"}
{"type":"screen-added","file":"/Users/uomarafrodeen/Downloads/qunt-edge/.superpowers/brainstorm/3424-1779544616/content/continuing-execution-18.html"}
{"type":"screen-added","file":"/Users/uomarafrodeen/Downloads/qunt-edge/.superpowers/brainstorm/3424-1779544616/content/continuing-execution-19.html"}
{"type":"screen-added","file":"/Users/uomarafrodeen/Downloads/qunt-edge/.superpowers/brainstorm/3424-1779544616/content/continuing-execution-20.html"}
{"type":"screen-added","file":"/Users/uomarafrodeen/Downloads/qunt-edge/.superpowers/brainstorm/3424-1779544616/content/continuing-execution-21.html"}
{"type":"screen-added","file":"/Users/uomarafrodeen/Downloads/qunt-edge/.superpowers/brainstorm/3424-1779544616/content/continuing-execution-22.html"}
{"type":"screen-added","file":"/Users/uomarafrodeen/Downloads/qunt-edge/.superpowers/brainstorm/3424-1779544616/content/continuing-execution-23.html"}
{"type":"screen-added","file":"/Users/uomarafrodeen/Downloads/qunt-edge/.superpowers/brainstorm/3424-1779544616/content/continuing-execution-24.html"}
{"type":"screen-added","file":"/Users/uomarafrodeen/Downloads/qunt-edge/.superpowers/brainstorm/3424-1779544616/content/continuing-execution-25.html"}
{"type":"screen-added","file":"/Users/uomarafrodeen/Downloads/qunt-edge/.superpowers/brainstorm/3424-1779544616/content/continuing-execution-26.html"}
{"type":"screen-added","file":"/Users/uomarafrodeen/Downloads/qunt-edge/.superpowers/brainstorm/3424-1779544616/content/continuing-execution-27.html"}
{"type":"screen-added","file":"/Users/uomarafrodeen/Downloads/qunt-edge/.superpowers/brainstorm/3424-1779544616/content/continuing-execution-28.html"}
{"type":"screen-added","file":"/Users/uomarafrodeen/Downloads/qunt-edge/.superpowers/brainstorm/3424-1779544616/content/continuing-execution-29.html"}
{"type":"screen-added","file":"/Users/uomarafrodeen/Downloads/qunt-edge/.superpowers/brainstorm/3424-1779544616/content/continuing-execution-30.html"}
{"type":"screen-added","file":"/Users/uomarafrodeen/Downloads/qunt-edge/.superpowers/brainstorm/3424-1779544616/content/continuing-execution-31.html"}
{"type":"screen-added","file":"/Users/uomarafrodeen/Downloads/qunt-edge/.superpowers/brainstorm/3424-1779544616/content/continuing-execution-32.html"}
{"type":"screen-added","file":"/Users/uomarafrodeen/Downloads/qunt-edge/.superpowers/brainstorm/3424-1779544616/content/continuing-execution-33.html"}
{"type":"screen-added","file":"/Users/uomarafrodeen/Downloads/qunt-edge/.superpowers/brainstorm/3424-1779544616/content/continuing-execution-34.html"}
